// Jest Snapshot v1, https://goo.gl/fbAQLP

exports[`Menu should be rendered 1`] = `
<div
  className="menu-container"
>
  <div
    className="menu"
  >
    <div
      className="menu-items"
    >
      <a
        className="menu-logo"
      >
        <ReactComponent />
      </a>
      <div
        className="menu-button"
      >
        <a>
          <span>
            Games
          </span>
        </a>
        <a>
          <span>
            Shop
          </span>
        </a>
        <a>
          <span>
            News
          </span>
        </a>
        <a>
          <span>
            Esports
          </span>
        </a>
      </div>
    </div>
    <div
      className="profile"
    >
      <a>
        <span>
          Support
        </span>
      </a>
      <a>
        <span>
          My account
        </span>
      </a>
    </div>
  </div>
</div>
`;
